../Core/Src/MY_NRF24.c:50:6:NRF24_DelayMicroSeconds	24	static
../Core/Src/MY_NRF24.c:58:6:NRF24_csn	16	static
../Core/Src/MY_NRF24.c:65:6:NRF24_ce	16	static
../Core/Src/MY_NRF24.c:72:9:NRF24_read_register	24	static
../Core/Src/MY_NRF24.c:88:6:NRF24_read_registerN	24	static
../Core/Src/MY_NRF24.c:102:6:NRF24_write_register	24	static
../Core/Src/MY_NRF24.c:114:6:NRF24_write_registerN	24	static
../Core/Src/MY_NRF24.c:126:6:NRF24_write_payload	24	static
../Core/Src/MY_NRF24.c:138:6:NRF24_read_payload	24	static
../Core/Src/MY_NRF24.c:151:6:NRF24_flush_tx	8	static
../Core/Src/MY_NRF24.c:155:6:NRF24_flush_rx	8	static
../Core/Src/MY_NRF24.c:159:9:NRF24_get_status	16	static
../Core/Src/MY_NRF24.c:166:6:NRF24_begin	24	static
../Core/Src/MY_NRF24.c:251:6:NRF24_startListening	8	static
../Core/Src/MY_NRF24.c:269:6:NRF24_stopListening	8	static
../Core/Src/MY_NRF24.c:275:6:NRF24_write	32	static
../Core/Src/MY_NRF24.c:308:6:NRF24_available	8	static
../Core/Src/MY_NRF24.c:312:6:NRF24_read	24	static
../Core/Src/MY_NRF24.c:320:6:NRF24_openWritingPipe	24	static
../Core/Src/MY_NRF24.c:328:6:NRF24_openReadingPipe	24	static
../Core/Src/MY_NRF24.c:350:6:NRF24_setRetries	16	static
../Core/Src/MY_NRF24.c:356:6:NRF24_setChannel	24	static
../Core/Src/MY_NRF24.c:361:6:NRF24_setPayloadSize	24	static
../Core/Src/MY_NRF24.c:366:9:NRF24_getPayloadSize	4	static
../Core/Src/MY_NRF24.c:370:9:NRF24_getDynamicPayloadSize	8	static
../Core/Src/MY_NRF24.c:374:6:NRF24_enableAckPayload	8	static
../Core/Src/MY_NRF24.c:390:6:NRF24_enableDynamicPayloads	8	static
../Core/Src/MY_NRF24.c:406:6:NRF24_disableDynamicPayloads	8	static
../Core/Src/MY_NRF24.c:414:6:NRF24_isNRF_Plus	4	static
../Core/Src/MY_NRF24.c:418:6:NRF24_setAutoAck	16	static
../Core/Src/MY_NRF24.c:425:6:NRF24_setAutoAckPipe	24	static
../Core/Src/MY_NRF24.c:437:6:NRF24_setPALevel	24	static
../Core/Src/MY_NRF24.c:458:15:NRF24_getPALevel	16	static
../Core/Src/MY_NRF24.c:477:6:NRF24_setDataRate	24	static
../Core/Src/MY_NRF24.c:512:17:NRF24_getDataRate	16	static
../Core/Src/MY_NRF24.c:532:6:NRF24_setCRCLength	24	static
../Core/Src/MY_NRF24.c:548:18:NRF24_getCRCLength	16	static
../Core/Src/MY_NRF24.c:563:6:NRF24_disableCRC	16	static
../Core/Src/MY_NRF24.c:568:6:NRF24_powerUp	8	static
../Core/Src/MY_NRF24.c:573:6:NRF24_powerDown	8	static
../Core/Src/MY_NRF24.c:578:6:NRF24_availablePipe	24	static
../Core/Src/MY_NRF24.c:599:6:NRF24_startWrite	16	static
../Core/Src/MY_NRF24.c:617:6:NRF24_writeAckPayload	24	static
../Core/Src/MY_NRF24.c:627:6:NRF24_isAckPayloadAvailable	16	static
../Core/Src/MY_NRF24.c:633:6:NRF24_whatHappened	32	static
../Core/Src/MY_NRF24.c:644:6:NRF24_testCarrier	8	static
../Core/Src/MY_NRF24.c:648:6:NRF24_testRPD	8	static
../Core/Src/MY_NRF24.c:653:6:NRF24_resetStatus	8	static
../Core/Src/MY_NRF24.c:659:6:NRF24_ACTIVATE_cmd	16	static
../Core/Src/MY_NRF24.c:669:9:NRF24_GetAckPayloadSize	4	static
../Core/Src/MY_NRF24.c:673:6:printRadioSettings	152	static
../Core/Src/MY_NRF24.c:853:6:printStatusReg	136	static
../Core/Src/MY_NRF24.c:874:6:printConfigReg	112	static
../Core/Src/MY_NRF24.c:894:6:nrf24_DebugUART_Init	8	static
../Core/Src/MY_NRF24.c:898:6:printFIFOstatus	128	static
